// Jest Snapshot v1, https://goo.gl/fbAQLP

exports[`renders list of entries 1`] = `
<div>
  <div>
    <ul
      class="list"
    />
  </div>
</div>
`;
